// Jest Snapshot v1, https://goo.gl/fbAQLP

exports[`ADVERT DETAIL TESTS Snapshot test should match snapshot 1`] = `
<Fragment>
  <Connect(NavBar) />
  <WithStyles(ForwardRef(Container))>
    <main
      className="Main__Section"
    >
      <div
        className="Section__Title"
      >
        <h2>
          Detalle del anuncio
        </h2>
      </div>
      <article
        className="AdvertDetail"
      >
        <div
          className="AdvertDetail__Main"
        >
          <header
            className="AdvertDetail__Header"
          >
            <Link
              className="AdvertDetail__Back"
              to="/"
            >
              <KeyboardBackspaceIcon />
            </Link>
            <h1>
              PS4Pro
            </h1>
            <img
              alt="caption"
              className="Caption"
              src="dummy.png"
            />
          </header>
          <div
            className="AdvertDetail__Content"
          >
            <h3
              className="AdvertDetail__Type"
            >
              Compro
            </h3>
            <div
              className="AdvertDetail__Description"
            >
              <p>
                Compro PS4 Pro con menos de 1 año de uso
              </p>
            </div>
            <div
              className="AdvertDetail__Tags"
            >
              <WithStyles(ForwardRef(Chip))
                className="Ad__Tag Ad__Tag--lifestyle"
                key="0"
                label="lifestyle"
                size="small"
              />
            </div>
            <div
              className="AdvertDetail__Actions"
            >
              <Link
                to="/advert/edit/1"
              >
                <WithStyles(ForwardRef(Button))
                  className="ButtonWallakeep ButtonWallakeep__Green"
                  color="secondary"
                  startIcon={<Memo(EditIcon) />}
                  type="button"
                  variant="contained"
                >
                  Editar
                </WithStyles(ForwardRef(Button))>
              </Link>
            </div>
          </div>
        </div>
        <div
          className="AdvertDetail__Footer"
        >
          <div
            className="AdvertDetail__Price"
          >
            <p
              className="Text"
            >
              Precio
            </p>
            <p
              className="Price"
            >
              200.99
               
              <span>
                €
              </span>
            </p>
          </div>
          <t
            ago={false}
            calendar={false}
            className="AdvertDetail__Date"
            decimal={false}
            element={null}
            filter={[Function]}
            fromNow={true}
            interval={60000}
            local={false}
            onChange={[Function]}
            titleFormat=""
            toNow={false}
            unit={null}
            unix={false}
            utc={false}
            withTitle={false}
          >
            <Component />
          </t>
        </div>
      </article>
    </main>
  </WithStyles(ForwardRef(Container))>
  <Footer />
</Fragment>
`;
